TimeQuest Timing Analyzer report for modulator
Sat Mar 16 14:24:19 2013
Quartus II 32-bit Version 12.1 Build 243 01/31/2013 Service Pack 1 SJ Web Edition


---------------------
; Table of Contents ;
---------------------
  1. Legal Notice
  2. TimeQuest Timing Analyzer Summary
  3. Parallel Compilation
  4. Clocks
  5. Slow Model Fmax Summary
  6. Slow Model Setup Summary
  7. Slow Model Hold Summary
  8. Slow Model Recovery Summary
  9. Slow Model Removal Summary
 10. Slow Model Minimum Pulse Width Summary
 11. Slow Model Setup: 'mypll|altpll_component|pll|clk[0]'
 12. Slow Model Hold: 'mypll|altpll_component|pll|clk[0]'
 13. Slow Model Minimum Pulse Width: 'mypll|altpll_component|pll|clk[0]'
 14. Slow Model Minimum Pulse Width: 'clk'
 15. Setup Times
 16. Hold Times
 17. Clock to Output Times
 18. Minimum Clock to Output Times
 19. Fast Model Setup Summary
 20. Fast Model Hold Summary
 21. Fast Model Recovery Summary
 22. Fast Model Removal Summary
 23. Fast Model Minimum Pulse Width Summary
 24. Fast Model Setup: 'mypll|altpll_component|pll|clk[0]'
 25. Fast Model Hold: 'mypll|altpll_component|pll|clk[0]'
 26. Fast Model Minimum Pulse Width: 'mypll|altpll_component|pll|clk[0]'
 27. Fast Model Minimum Pulse Width: 'clk'
 28. Setup Times
 29. Hold Times
 30. Clock to Output Times
 31. Minimum Clock to Output Times
 32. Multicorner Timing Analysis Summary
 33. Setup Times
 34. Hold Times
 35. Clock to Output Times
 36. Minimum Clock to Output Times
 37. Setup Transfers
 38. Hold Transfers
 39. Report TCCS
 40. Report RSKM
 41. Unconstrained Paths
 42. TimeQuest Timing Analyzer Messages



----------------
; Legal Notice ;
----------------
Copyright (C) 1991-2012 Altera Corporation
Your use of Altera Corporation's design tools, logic functions 
and other software and tools, and its AMPP partner logic 
functions, and any output files from any of the foregoing 
(including device programming or simulation files), and any 
associated documentation or information are expressly subject 
to the terms and conditions of the Altera Program License 
Subscription Agreement, Altera MegaCore Function License 
Agreement, or other applicable license agreement, including, 
without limitation, that your use is for the sole purpose of 
programming logic devices manufactured by Altera and sold by 
Altera or its authorized distributors.  Please refer to the 
applicable agreement for further details.



+--------------------------------------------------------------------------------------+
; TimeQuest Timing Analyzer Summary                                                    ;
+--------------------+-----------------------------------------------------------------+
; Quartus II Version ; Version 12.1 Build 243 01/31/2013 Service Pack 1 SJ Web Edition ;
; Revision Name      ; modulator                                                       ;
; Device Family      ; Cyclone II                                                      ;
; Device Name        ; EP2C8Q208C8                                                     ;
; Timing Models      ; Final                                                           ;
; Delay Model        ; Combined                                                        ;
; Rise/Fall Delays   ; Unavailable                                                     ;
+--------------------+-----------------------------------------------------------------+


Parallel compilation was disabled, but you have multiple processors available. Enable parallel compilation to reduce compilation time.
+-------------------------------------+
; Parallel Compilation                ;
+----------------------------+--------+
; Processors                 ; Number ;
+----------------------------+--------+
; Number detected on machine ; 2      ;
; Maximum allowed            ; 1      ;
+----------------------------+--------+


+------------------------------------------------------------------------------------------------------------------------------------------------------------------------------------------------------------------------------------------------------------------------+
; Clocks                                                                                                                                                                                                                                                                 ;
+-----------------------------------+-----------+--------+-----------+-------+--------+------------+-----------+-------------+-------+--------+-----------+------------+----------+--------+-------------------------------------+---------------------------------------+
; Clock Name                        ; Type      ; Period ; Frequency ; Rise  ; Fall   ; Duty Cycle ; Divide by ; Multiply by ; Phase ; Offset ; Edge List ; Edge Shift ; Inverted ; Master ; Source                              ; Targets                               ;
+-----------------------------------+-----------+--------+-----------+-------+--------+------------+-----------+-------------+-------+--------+-----------+------------+----------+--------+-------------------------------------+---------------------------------------+
; clk                               ; Base      ; 20.000 ; 50.0 MHz  ; 0.000 ; 10.000 ;            ;           ;             ;       ;        ;           ;            ;          ;        ;                                     ; { clk }                               ;
; mypll|altpll_component|pll|clk[0] ; Generated ; 10.000 ; 100.0 MHz ; 0.000 ; 5.000  ; 50.00      ; 1         ; 2           ;       ;        ;           ;            ; false    ; clk    ; mypll|altpll_component|pll|inclk[0] ; { mypll|altpll_component|pll|clk[0] } ;
+-----------------------------------+-----------+--------+-----------+-------+--------+------------+-----------+-------------+-------+--------+-----------+------------+----------+--------+-------------------------------------+---------------------------------------+


+--------------------------------------------------------------------------------------------------------------------------+
; Slow Model Fmax Summary                                                                                                  ;
+-------------+-----------------+-----------------------------------+------------------------------------------------------+
; Fmax        ; Restricted Fmax ; Clock Name                        ; Note                                                 ;
+-------------+-----------------+-----------------------------------+------------------------------------------------------+
; 1307.19 MHz ; 402.58 MHz      ; mypll|altpll_component|pll|clk[0] ; limit due to low minimum pulse width violation (tcl) ;
+-------------+-----------------+-----------------------------------+------------------------------------------------------+
This panel reports FMAX for every clock in the design, regardless of the user-specified clock periods.  FMAX is only computed for paths where the source and destination registers or ports are driven by the same clock.  Paths of different clocks, including generated clocks, are ignored.  For paths between a clock and its inversion, FMAX is computed as if the rising and falling edges are scaled along with FMAX, such that the duty cycle (in terms of a percentage) is maintained. Altera recommends that you always use clock constraints and other slack reports for sign-off analysis.


+-----------------------------------------------------------+
; Slow Model Setup Summary                                  ;
+-----------------------------------+-------+---------------+
; Clock                             ; Slack ; End Point TNS ;
+-----------------------------------+-------+---------------+
; mypll|altpll_component|pll|clk[0] ; 9.235 ; 0.000         ;
+-----------------------------------+-------+---------------+


+-----------------------------------------------------------+
; Slow Model Hold Summary                                   ;
+-----------------------------------+-------+---------------+
; Clock                             ; Slack ; End Point TNS ;
+-----------------------------------+-------+---------------+
; mypll|altpll_component|pll|clk[0] ; 0.499 ; 0.000         ;
+-----------------------------------+-------+---------------+


-------------------------------
; Slow Model Recovery Summary ;
-------------------------------
No paths to report.


------------------------------
; Slow Model Removal Summary ;
------------------------------
No paths to report.


+------------------------------------------------------------+
; Slow Model Minimum Pulse Width Summary                     ;
+-----------------------------------+--------+---------------+
; Clock                             ; Slack  ; End Point TNS ;
+-----------------------------------+--------+---------------+
; mypll|altpll_component|pll|clk[0] ; 3.758  ; 0.000         ;
; clk                               ; 10.000 ; 0.000         ;
+-----------------------------------+--------+---------------+


+----------------------------------------------------------------------------------------------------------------------------------------------------------------------+
; Slow Model Setup: 'mypll|altpll_component|pll|clk[0]'                                                                                                                ;
+-------+----------------------+----------------------+-----------------------------------+-----------------------------------+--------------+------------+------------+
; Slack ; From Node            ; To Node              ; Launch Clock                      ; Latch Clock                       ; Relationship ; Clock Skew ; Data Delay ;
+-------+----------------------+----------------------+-----------------------------------+-----------------------------------+--------------+------------+------------+
; 9.235 ; iqmod:myiq|dacval[9] ; iqmod:myiq|dacval[9] ; mypll|altpll_component|pll|clk[0] ; mypll|altpll_component|pll|clk[0] ; 10.000       ; 0.000      ; 0.805      ;
+-------+----------------------+----------------------+-----------------------------------+-----------------------------------+--------------+------------+------------+


+----------------------------------------------------------------------------------------------------------------------------------------------------------------------+
; Slow Model Hold: 'mypll|altpll_component|pll|clk[0]'                                                                                                                 ;
+-------+----------------------+----------------------+-----------------------------------+-----------------------------------+--------------+------------+------------+
; Slack ; From Node            ; To Node              ; Launch Clock                      ; Latch Clock                       ; Relationship ; Clock Skew ; Data Delay ;
+-------+----------------------+----------------------+-----------------------------------+-----------------------------------+--------------+------------+------------+
; 0.499 ; iqmod:myiq|dacval[9] ; iqmod:myiq|dacval[9] ; mypll|altpll_component|pll|clk[0] ; mypll|altpll_component|pll|clk[0] ; 0.000        ; 0.000      ; 0.805      ;
+-------+----------------------+----------------------+-----------------------------------+-----------------------------------+--------------+------------+------------+


+-----------------------------------------------------------------------------------------------------------------------------------------------------------+
; Slow Model Minimum Pulse Width: 'mypll|altpll_component|pll|clk[0]'                                                                                       ;
+-------+--------------+----------------+------------------+-----------------------------------+------------+-----------------------------------------------+
; Slack ; Actual Width ; Required Width ; Type             ; Clock                             ; Clock Edge ; Target                                        ;
+-------+--------------+----------------+------------------+-----------------------------------+------------+-----------------------------------------------+
; 3.758 ; 5.000        ; 1.242          ; High Pulse Width ; mypll|altpll_component|pll|clk[0] ; Fall       ; iqmod:myiq|dacval[9]                          ;
; 3.758 ; 5.000        ; 1.242          ; Low Pulse Width  ; mypll|altpll_component|pll|clk[0] ; Fall       ; iqmod:myiq|dacval[9]                          ;
; 5.000 ; 5.000        ; 0.000          ; High Pulse Width ; mypll|altpll_component|pll|clk[0] ; Rise       ; myiq|dacval[9]|clk                            ;
; 5.000 ; 5.000        ; 0.000          ; Low Pulse Width  ; mypll|altpll_component|pll|clk[0] ; Rise       ; myiq|dacval[9]|clk                            ;
; 5.000 ; 5.000        ; 0.000          ; High Pulse Width ; mypll|altpll_component|pll|clk[0] ; Rise       ; mypll|altpll_component|_clk0~clkctrl|inclk[0] ;
; 5.000 ; 5.000        ; 0.000          ; Low Pulse Width  ; mypll|altpll_component|pll|clk[0] ; Rise       ; mypll|altpll_component|_clk0~clkctrl|inclk[0] ;
; 5.000 ; 5.000        ; 0.000          ; High Pulse Width ; mypll|altpll_component|pll|clk[0] ; Rise       ; mypll|altpll_component|_clk0~clkctrl|outclk   ;
; 5.000 ; 5.000        ; 0.000          ; Low Pulse Width  ; mypll|altpll_component|pll|clk[0] ; Rise       ; mypll|altpll_component|_clk0~clkctrl|outclk   ;
+-------+--------------+----------------+------------------+-----------------------------------+------------+-----------------------------------------------+


+----------------------------------------------------------------------------------------------------------------------+
; Slow Model Minimum Pulse Width: 'clk'                                                                                ;
+--------+--------------+----------------+------------------+-------+------------+-------------------------------------+
; Slack  ; Actual Width ; Required Width ; Type             ; Clock ; Clock Edge ; Target                              ;
+--------+--------------+----------------+------------------+-------+------------+-------------------------------------+
; 10.000 ; 10.000       ; 0.000          ; High Pulse Width ; clk   ; Rise       ; clk|combout                         ;
; 10.000 ; 10.000       ; 0.000          ; Low Pulse Width  ; clk   ; Rise       ; clk|combout                         ;
; 10.000 ; 10.000       ; 0.000          ; High Pulse Width ; clk   ; Rise       ; mypll|altpll_component|pll|clk[0]   ;
; 10.000 ; 10.000       ; 0.000          ; Low Pulse Width  ; clk   ; Rise       ; mypll|altpll_component|pll|clk[0]   ;
; 10.000 ; 10.000       ; 0.000          ; High Pulse Width ; clk   ; Rise       ; mypll|altpll_component|pll|inclk[0] ;
; 10.000 ; 10.000       ; 0.000          ; Low Pulse Width  ; clk   ; Rise       ; mypll|altpll_component|pll|inclk[0] ;
; 17.059 ; 20.000       ; 2.941          ; Port Rate        ; clk   ; Rise       ; clk                                 ;
+--------+--------------+----------------+------------------+-------+------------+-------------------------------------+


+-----------------------------------------------------------------------------------------+
; Setup Times                                                                             ;
+-----------+------------+-------+-------+------------+-----------------------------------+
; Data Port ; Clock Port ; Rise  ; Fall  ; Clock Edge ; Clock Reference                   ;
+-----------+------------+-------+-------+------------+-----------------------------------+
; reset_    ; clk        ; 7.357 ; 7.357 ; Fall       ; mypll|altpll_component|pll|clk[0] ;
+-----------+------------+-------+-------+------------+-----------------------------------+


+-------------------------------------------------------------------------------------------+
; Hold Times                                                                                ;
+-----------+------------+--------+--------+------------+-----------------------------------+
; Data Port ; Clock Port ; Rise   ; Fall   ; Clock Edge ; Clock Reference                   ;
+-----------+------------+--------+--------+------------+-----------------------------------+
; reset_    ; clk        ; -7.091 ; -7.091 ; Fall       ; mypll|altpll_component|pll|clk[0] ;
+-----------+------------+--------+--------+------------+-----------------------------------+


+------------------------------------------------------------------------------------------+
; Clock to Output Times                                                                    ;
+------------+------------+-------+-------+------------+-----------------------------------+
; Data Port  ; Clock Port ; Rise  ; Fall  ; Clock Edge ; Clock Reference                   ;
+------------+------------+-------+-------+------------+-----------------------------------+
; dacval[*]  ; clk        ; 4.249 ; 4.249 ; Fall       ; mypll|altpll_component|pll|clk[0] ;
;  dacval[9] ; clk        ; 4.249 ; 4.249 ; Fall       ; mypll|altpll_component|pll|clk[0] ;
+------------+------------+-------+-------+------------+-----------------------------------+


+------------------------------------------------------------------------------------------+
; Minimum Clock to Output Times                                                            ;
+------------+------------+-------+-------+------------+-----------------------------------+
; Data Port  ; Clock Port ; Rise  ; Fall  ; Clock Edge ; Clock Reference                   ;
+------------+------------+-------+-------+------------+-----------------------------------+
; dacval[*]  ; clk        ; 4.249 ; 4.249 ; Fall       ; mypll|altpll_component|pll|clk[0] ;
;  dacval[9] ; clk        ; 4.249 ; 4.249 ; Fall       ; mypll|altpll_component|pll|clk[0] ;
+------------+------------+-------+-------+------------+-----------------------------------+


+-----------------------------------------------------------+
; Fast Model Setup Summary                                  ;
+-----------------------------------+-------+---------------+
; Clock                             ; Slack ; End Point TNS ;
+-----------------------------------+-------+---------------+
; mypll|altpll_component|pll|clk[0] ; 9.665 ; 0.000         ;
+-----------------------------------+-------+---------------+


+-----------------------------------------------------------+
; Fast Model Hold Summary                                   ;
+-----------------------------------+-------+---------------+
; Clock                             ; Slack ; End Point TNS ;
+-----------------------------------+-------+---------------+
; mypll|altpll_component|pll|clk[0] ; 0.215 ; 0.000         ;
+-----------------------------------+-------+---------------+


-------------------------------
; Fast Model Recovery Summary ;
-------------------------------
No paths to report.


------------------------------
; Fast Model Removal Summary ;
------------------------------
No paths to report.


+------------------------------------------------------------+
; Fast Model Minimum Pulse Width Summary                     ;
+-----------------------------------+--------+---------------+
; Clock                             ; Slack  ; End Point TNS ;
+-----------------------------------+--------+---------------+
; mypll|altpll_component|pll|clk[0] ; 4.000  ; 0.000         ;
; clk                               ; 10.000 ; 0.000         ;
+-----------------------------------+--------+---------------+


+----------------------------------------------------------------------------------------------------------------------------------------------------------------------+
; Fast Model Setup: 'mypll|altpll_component|pll|clk[0]'                                                                                                                ;
+-------+----------------------+----------------------+-----------------------------------+-----------------------------------+--------------+------------+------------+
; Slack ; From Node            ; To Node              ; Launch Clock                      ; Latch Clock                       ; Relationship ; Clock Skew ; Data Delay ;
+-------+----------------------+----------------------+-----------------------------------+-----------------------------------+--------------+------------+------------+
; 9.665 ; iqmod:myiq|dacval[9] ; iqmod:myiq|dacval[9] ; mypll|altpll_component|pll|clk[0] ; mypll|altpll_component|pll|clk[0] ; 10.000       ; 0.000      ; 0.367      ;
+-------+----------------------+----------------------+-----------------------------------+-----------------------------------+--------------+------------+------------+


+----------------------------------------------------------------------------------------------------------------------------------------------------------------------+
; Fast Model Hold: 'mypll|altpll_component|pll|clk[0]'                                                                                                                 ;
+-------+----------------------+----------------------+-----------------------------------+-----------------------------------+--------------+------------+------------+
; Slack ; From Node            ; To Node              ; Launch Clock                      ; Latch Clock                       ; Relationship ; Clock Skew ; Data Delay ;
+-------+----------------------+----------------------+-----------------------------------+-----------------------------------+--------------+------------+------------+
; 0.215 ; iqmod:myiq|dacval[9] ; iqmod:myiq|dacval[9] ; mypll|altpll_component|pll|clk[0] ; mypll|altpll_component|pll|clk[0] ; 0.000        ; 0.000      ; 0.367      ;
+-------+----------------------+----------------------+-----------------------------------+-----------------------------------+--------------+------------+------------+


+-----------------------------------------------------------------------------------------------------------------------------------------------------------+
; Fast Model Minimum Pulse Width: 'mypll|altpll_component|pll|clk[0]'                                                                                       ;
+-------+--------------+----------------+------------------+-----------------------------------+------------+-----------------------------------------------+
; Slack ; Actual Width ; Required Width ; Type             ; Clock                             ; Clock Edge ; Target                                        ;
+-------+--------------+----------------+------------------+-----------------------------------+------------+-----------------------------------------------+
; 4.000 ; 5.000        ; 1.000          ; High Pulse Width ; mypll|altpll_component|pll|clk[0] ; Fall       ; iqmod:myiq|dacval[9]                          ;
; 4.000 ; 5.000        ; 1.000          ; Low Pulse Width  ; mypll|altpll_component|pll|clk[0] ; Fall       ; iqmod:myiq|dacval[9]                          ;
; 5.000 ; 5.000        ; 0.000          ; High Pulse Width ; mypll|altpll_component|pll|clk[0] ; Rise       ; myiq|dacval[9]|clk                            ;
; 5.000 ; 5.000        ; 0.000          ; Low Pulse Width  ; mypll|altpll_component|pll|clk[0] ; Rise       ; myiq|dacval[9]|clk                            ;
; 5.000 ; 5.000        ; 0.000          ; High Pulse Width ; mypll|altpll_component|pll|clk[0] ; Rise       ; mypll|altpll_component|_clk0~clkctrl|inclk[0] ;
; 5.000 ; 5.000        ; 0.000          ; Low Pulse Width  ; mypll|altpll_component|pll|clk[0] ; Rise       ; mypll|altpll_component|_clk0~clkctrl|inclk[0] ;
; 5.000 ; 5.000        ; 0.000          ; High Pulse Width ; mypll|altpll_component|pll|clk[0] ; Rise       ; mypll|altpll_component|_clk0~clkctrl|outclk   ;
; 5.000 ; 5.000        ; 0.000          ; Low Pulse Width  ; mypll|altpll_component|pll|clk[0] ; Rise       ; mypll|altpll_component|_clk0~clkctrl|outclk   ;
+-------+--------------+----------------+------------------+-----------------------------------+------------+-----------------------------------------------+


+----------------------------------------------------------------------------------------------------------------------+
; Fast Model Minimum Pulse Width: 'clk'                                                                                ;
+--------+--------------+----------------+------------------+-------+------------+-------------------------------------+
; Slack  ; Actual Width ; Required Width ; Type             ; Clock ; Clock Edge ; Target                              ;
+--------+--------------+----------------+------------------+-------+------------+-------------------------------------+
; 10.000 ; 10.000       ; 0.000          ; High Pulse Width ; clk   ; Rise       ; clk|combout                         ;
; 10.000 ; 10.000       ; 0.000          ; Low Pulse Width  ; clk   ; Rise       ; clk|combout                         ;
; 10.000 ; 10.000       ; 0.000          ; High Pulse Width ; clk   ; Rise       ; mypll|altpll_component|pll|clk[0]   ;
; 10.000 ; 10.000       ; 0.000          ; Low Pulse Width  ; clk   ; Rise       ; mypll|altpll_component|pll|clk[0]   ;
; 10.000 ; 10.000       ; 0.000          ; High Pulse Width ; clk   ; Rise       ; mypll|altpll_component|pll|inclk[0] ;
; 10.000 ; 10.000       ; 0.000          ; Low Pulse Width  ; clk   ; Rise       ; mypll|altpll_component|pll|inclk[0] ;
; 17.620 ; 20.000       ; 2.380          ; Port Rate        ; clk   ; Rise       ; clk                                 ;
+--------+--------------+----------------+------------------+-------+------------+-------------------------------------+


+-----------------------------------------------------------------------------------------+
; Setup Times                                                                             ;
+-----------+------------+-------+-------+------------+-----------------------------------+
; Data Port ; Clock Port ; Rise  ; Fall  ; Clock Edge ; Clock Reference                   ;
+-----------+------------+-------+-------+------------+-----------------------------------+
; reset_    ; clk        ; 3.658 ; 3.658 ; Fall       ; mypll|altpll_component|pll|clk[0] ;
+-----------+------------+-------+-------+------------+-----------------------------------+


+-------------------------------------------------------------------------------------------+
; Hold Times                                                                                ;
+-----------+------------+--------+--------+------------+-----------------------------------+
; Data Port ; Clock Port ; Rise   ; Fall   ; Clock Edge ; Clock Reference                   ;
+-----------+------------+--------+--------+------------+-----------------------------------+
; reset_    ; clk        ; -3.538 ; -3.538 ; Fall       ; mypll|altpll_component|pll|clk[0] ;
+-----------+------------+--------+--------+------------+-----------------------------------+


+------------------------------------------------------------------------------------------+
; Clock to Output Times                                                                    ;
+------------+------------+-------+-------+------------+-----------------------------------+
; Data Port  ; Clock Port ; Rise  ; Fall  ; Clock Edge ; Clock Reference                   ;
+------------+------------+-------+-------+------------+-----------------------------------+
; dacval[*]  ; clk        ; 1.799 ; 1.799 ; Fall       ; mypll|altpll_component|pll|clk[0] ;
;  dacval[9] ; clk        ; 1.799 ; 1.799 ; Fall       ; mypll|altpll_component|pll|clk[0] ;
+------------+------------+-------+-------+------------+-----------------------------------+


+------------------------------------------------------------------------------------------+
; Minimum Clock to Output Times                                                            ;
+------------+------------+-------+-------+------------+-----------------------------------+
; Data Port  ; Clock Port ; Rise  ; Fall  ; Clock Edge ; Clock Reference                   ;
+------------+------------+-------+-------+------------+-----------------------------------+
; dacval[*]  ; clk        ; 1.799 ; 1.799 ; Fall       ; mypll|altpll_component|pll|clk[0] ;
;  dacval[9] ; clk        ; 1.799 ; 1.799 ; Fall       ; mypll|altpll_component|pll|clk[0] ;
+------------+------------+-------+-------+------------+-----------------------------------+


+-----------------------------------------------------------------------------------------------+
; Multicorner Timing Analysis Summary                                                           ;
+------------------------------------+-------+-------+----------+---------+---------------------+
; Clock                              ; Setup ; Hold  ; Recovery ; Removal ; Minimum Pulse Width ;
+------------------------------------+-------+-------+----------+---------+---------------------+
; Worst-case Slack                   ; 9.235 ; 0.215 ; N/A      ; N/A     ; 3.758               ;
;  clk                               ; N/A   ; N/A   ; N/A      ; N/A     ; 10.000              ;
;  mypll|altpll_component|pll|clk[0] ; 9.235 ; 0.215 ; N/A      ; N/A     ; 3.758               ;
; Design-wide TNS                    ; 0.0   ; 0.0   ; 0.0      ; 0.0     ; 0.0                 ;
;  clk                               ; N/A   ; N/A   ; N/A      ; N/A     ; 0.000               ;
;  mypll|altpll_component|pll|clk[0] ; 0.000 ; 0.000 ; N/A      ; N/A     ; 0.000               ;
+------------------------------------+-------+-------+----------+---------+---------------------+


+-----------------------------------------------------------------------------------------+
; Setup Times                                                                             ;
+-----------+------------+-------+-------+------------+-----------------------------------+
; Data Port ; Clock Port ; Rise  ; Fall  ; Clock Edge ; Clock Reference                   ;
+-----------+------------+-------+-------+------------+-----------------------------------+
; reset_    ; clk        ; 7.357 ; 7.357 ; Fall       ; mypll|altpll_component|pll|clk[0] ;
+-----------+------------+-------+-------+------------+-----------------------------------+


+-------------------------------------------------------------------------------------------+
; Hold Times                                                                                ;
+-----------+------------+--------+--------+------------+-----------------------------------+
; Data Port ; Clock Port ; Rise   ; Fall   ; Clock Edge ; Clock Reference                   ;
+-----------+------------+--------+--------+------------+-----------------------------------+
; reset_    ; clk        ; -3.538 ; -3.538 ; Fall       ; mypll|altpll_component|pll|clk[0] ;
+-----------+------------+--------+--------+------------+-----------------------------------+


+------------------------------------------------------------------------------------------+
; Clock to Output Times                                                                    ;
+------------+------------+-------+-------+------------+-----------------------------------+
; Data Port  ; Clock Port ; Rise  ; Fall  ; Clock Edge ; Clock Reference                   ;
+------------+------------+-------+-------+------------+-----------------------------------+
; dacval[*]  ; clk        ; 4.249 ; 4.249 ; Fall       ; mypll|altpll_component|pll|clk[0] ;
;  dacval[9] ; clk        ; 4.249 ; 4.249 ; Fall       ; mypll|altpll_component|pll|clk[0] ;
+------------+------------+-------+-------+------------+-----------------------------------+


+------------------------------------------------------------------------------------------+
; Minimum Clock to Output Times                                                            ;
+------------+------------+-------+-------+------------+-----------------------------------+
; Data Port  ; Clock Port ; Rise  ; Fall  ; Clock Edge ; Clock Reference                   ;
+------------+------------+-------+-------+------------+-----------------------------------+
; dacval[*]  ; clk        ; 1.799 ; 1.799 ; Fall       ; mypll|altpll_component|pll|clk[0] ;
;  dacval[9] ; clk        ; 1.799 ; 1.799 ; Fall       ; mypll|altpll_component|pll|clk[0] ;
+------------+------------+-------+-------+------------+-----------------------------------+


+-------------------------------------------------------------------------------------------------------------------+
; Setup Transfers                                                                                                   ;
+-----------------------------------+-----------------------------------+----------+----------+----------+----------+
; From Clock                        ; To Clock                          ; RR Paths ; FR Paths ; RF Paths ; FF Paths ;
+-----------------------------------+-----------------------------------+----------+----------+----------+----------+
; mypll|altpll_component|pll|clk[0] ; mypll|altpll_component|pll|clk[0] ; 0        ; 0        ; 0        ; 1        ;
+-----------------------------------+-----------------------------------+----------+----------+----------+----------+
Entries labeled "false path" only account for clock-to-clock false paths and not path-based false paths. As a result, actual path counts may be lower than reported.


+-------------------------------------------------------------------------------------------------------------------+
; Hold Transfers                                                                                                    ;
+-----------------------------------+-----------------------------------+----------+----------+----------+----------+
; From Clock                        ; To Clock                          ; RR Paths ; FR Paths ; RF Paths ; FF Paths ;
+-----------------------------------+-----------------------------------+----------+----------+----------+----------+
; mypll|altpll_component|pll|clk[0] ; mypll|altpll_component|pll|clk[0] ; 0        ; 0        ; 0        ; 1        ;
+-----------------------------------+-----------------------------------+----------+----------+----------+----------+
Entries labeled "false path" only account for clock-to-clock false paths and not path-based false paths. As a result, actual path counts may be lower than reported.


---------------
; Report TCCS ;
---------------
No dedicated SERDES Transmitter circuitry present in device or used in design


---------------
; Report RSKM ;
---------------
No dedicated SERDES Receiver circuitry present in device or used in design


+------------------------------------------------+
; Unconstrained Paths                            ;
+---------------------------------+-------+------+
; Property                        ; Setup ; Hold ;
+---------------------------------+-------+------+
; Illegal Clocks                  ; 0     ; 0    ;
; Unconstrained Clocks            ; 0     ; 0    ;
; Unconstrained Input Ports       ; 1     ; 1    ;
; Unconstrained Input Port Paths  ; 1     ; 1    ;
; Unconstrained Output Ports      ; 1     ; 1    ;
; Unconstrained Output Port Paths ; 1     ; 1    ;
+---------------------------------+-------+------+


+------------------------------------+
; TimeQuest Timing Analyzer Messages ;
+------------------------------------+
Info: *******************************************************************
Info: Running Quartus II 32-bit TimeQuest Timing Analyzer
    Info: Version 12.1 Build 243 01/31/2013 Service Pack 1 SJ Web Edition
    Info: Processing started: Sat Mar 16 14:24:16 2013
Info: Command: quartus_sta iq_modulator -c modulator
Info: qsta_default_script.tcl version: #1
Warning (20028): Parallel compilation is not licensed and has been disabled
Info (21077): Low junction temperature is 0 degrees C
Info (21077): High junction temperature is 85 degrees C
Critical Warning (332012): Synopsys Design Constraints File file not found: 'modulator.sdc'. A Synopsys Design Constraints File is required by the TimeQuest Timing Analyzer to get proper timing constraints. Without it, the Compiler will not properly optimize the design.
Info (332142): No user constrained generated clocks found in the design. Calling "derive_pll_clocks -create_base_clocks"
Info (332110): Deriving PLL clocks
    Info (332110): create_clock -period 20.000 -waveform {0.000 10.000} -name clk clk
    Info (332110): create_generated_clock -source {mypll|altpll_component|pll|inclk[0]} -multiply_by 2 -duty_cycle 50.00 -name {mypll|altpll_component|pll|clk[0]} {mypll|altpll_component|pll|clk[0]}
Info (332142): No user constrained base clocks found in the design. Calling "derive_clocks -period 1.0"
Info (332096): The command derive_clocks did not find any clocks to derive.  No clocks were created or changed.
Info: Found TIMEQUEST_REPORT_SCRIPT_INCLUDE_DEFAULT_ANALYSIS = ON
Info: Analyzing Slow Model
Info (332146): Worst-case setup slack is 9.235
    Info (332119):     Slack End Point TNS Clock 
    Info (332119): ========= ============= =====================
    Info (332119):     9.235         0.000 mypll|altpll_component|pll|clk[0] 
Info (332146): Worst-case hold slack is 0.499
    Info (332119):     Slack End Point TNS Clock 
    Info (332119): ========= ============= =====================
    Info (332119):     0.499         0.000 mypll|altpll_component|pll|clk[0] 
Info (332140): No Recovery paths to report
Info (332140): No Removal paths to report
Info (332146): Worst-case minimum pulse width slack is 3.758
    Info (332119):     Slack End Point TNS Clock 
    Info (332119): ========= ============= =====================
    Info (332119):     3.758         0.000 mypll|altpll_component|pll|clk[0] 
    Info (332119):    10.000         0.000 clk 
Info (332001): The selected device family is not supported by the report_metastability command.
Info: Analyzing Fast Model
Info (332146): Worst-case setup slack is 9.665
    Info (332119):     Slack End Point TNS Clock 
    Info (332119): ========= ============= =====================
    Info (332119):     9.665         0.000 mypll|altpll_component|pll|clk[0] 
Info (332146): Worst-case hold slack is 0.215
    Info (332119):     Slack End Point TNS Clock 
    Info (332119): ========= ============= =====================
    Info (332119):     0.215         0.000 mypll|altpll_component|pll|clk[0] 
Info (332140): No Recovery paths to report
Info (332140): No Removal paths to report
Info (332146): Worst-case minimum pulse width slack is 4.000
    Info (332119):     Slack End Point TNS Clock 
    Info (332119): ========= ============= =====================
    Info (332119):     4.000         0.000 mypll|altpll_component|pll|clk[0] 
    Info (332119):    10.000         0.000 clk 
Info (332001): The selected device family is not supported by the report_metastability command.
Info (332102): Design is not fully constrained for setup requirements
Info (332102): Design is not fully constrained for hold requirements
Info: Quartus II 32-bit TimeQuest Timing Analyzer was successful. 0 errors, 2 warnings
    Info: Peak virtual memory: 265 megabytes
    Info: Processing ended: Sat Mar 16 14:24:19 2013
    Info: Elapsed time: 00:00:03
    Info: Total CPU time (on all processors): 00:00:02


